Sun Sep 15 11:43:38 UTC 2019: runnerTest: wxdlong/hello-action
